auxiliary scripts: null
certificates: null
era: Cole
fee: implicit
inputs:
- f8ec302d19e3c8251c30b1434349bf2e949a1dbf14a4ebc3d512918d2d4d5c56#88
metadata: null
mint: null
outputs:
- address: 5oP9ib6ym3XfwXuy3ksXZzgtBzXSArXAACQVXKqcPhiLnHVYjXJNu2T6Zomh8LAWLV
  address era: Cole
  amount: 68 Entropic
update proposal: null
validity range: null
withdrawals: null
